// Jest Snapshot v1, https://goo.gl/fbAQLP

exports[`<App /> tests Snapshot test. Does render 1`] = `ShallowWrapper {}`;
